Sat Jun 20 14:07:42 UTC 2026-1
Sun Jun 21 14:14:16 UTC 2026-1
Sun Jun 21 14:14:16 UTC 2026-2
Mon Jun 22 17:00:54 UTC 2026-1
Mon Jun 22 17:00:54 UTC 2026-2
Mon Jun 22 17:00:54 UTC 2026-3
Mon Jun 22 17:00:54 UTC 2026-4
Mon Jun 22 17:00:54 UTC 2026-5
Tue Jun 23 14:52:38 UTC 2026-1
Wed Jun 24 14:34:35 UTC 2026-1
Wed Jun 24 14:34:35 UTC 2026-2
Wed Jun 24 14:34:35 UTC 2026-3
Thu Jun 25 14:36:10 UTC 2026-1
Thu Jun 25 14:36:10 UTC 2026-2
Thu Jun 25 14:36:10 UTC 2026-3
Thu Jun 25 14:36:10 UTC 2026-4
Thu Jun 25 14:36:10 UTC 2026-5
Fri Jun 26 14:27:57 UTC 2026-1
Fri Jun 26 14:27:57 UTC 2026-2
Fri Jun 26 14:27:57 UTC 2026-3
Sat Jun 27 13:46:08 UTC 2026-1
Sat Jun 27 13:46:08 UTC 2026-2
Sat Jun 27 13:46:08 UTC 2026-3
Sat Jun 27 13:46:08 UTC 2026-4
Sun Jun 28 13:49:43 UTC 2026-1
Sun Jun 28 13:49:43 UTC 2026-2
Sun Jun 28 13:49:43 UTC 2026-3
Mon Jun 29 15:50:21 UTC 2026-1
Mon Jun 29 15:50:21 UTC 2026-2
Mon Jun 29 15:50:21 UTC 2026-3
Tue Jun 30 14:22:22 UTC 2026-1
Tue Jun 30 14:22:22 UTC 2026-2
Tue Jun 30 14:22:22 UTC 2026-3
Tue Jun 30 14:22:22 UTC 2026-4
Wed Jul  1 14:39:41 UTC 2026-1
Thu Jul  2 14:04:55 UTC 2026-1
Thu Jul  2 14:04:55 UTC 2026-2
Thu Jul  2 14:04:55 UTC 2026-3
Thu Jul  2 14:04:55 UTC 2026-4
Thu Jul  2 14:04:55 UTC 2026-5
Fri Jul  3 14:08:40 UTC 2026-1
Fri Jul  3 14:08:40 UTC 2026-2
Fri Jul  3 14:08:40 UTC 2026-3
Fri Jul  3 14:08:40 UTC 2026-4
Sat Jul  4 13:36:21 UTC 2026-1
Sat Jul  4 13:36:21 UTC 2026-2
Sat Jul  4 13:36:21 UTC 2026-3
Sat Jul  4 13:36:21 UTC 2026-4
Sat Jul  4 13:36:21 UTC 2026-5
Sun Jul  5 13:42:31 UTC 2026-1
Sun Jul  5 13:42:31 UTC 2026-2
Sun Jul  5 13:42:31 UTC 2026-3
Sun Jul  5 13:42:31 UTC 2026-4
Sun Jul  5 13:42:31 UTC 2026-5
Mon Jul  6 15:36:19 UTC 2026-1
Mon Jul  6 15:36:19 UTC 2026-2
Mon Jul  6 15:36:19 UTC 2026-3
Tue Jul  7 14:37:51 UTC 2026-1
Tue Jul  7 14:37:51 UTC 2026-2
Tue Jul  7 14:37:51 UTC 2026-3
Tue Jul  7 14:37:51 UTC 2026-4
Wed Jul  8 14:12:36 UTC 2026-1
Wed Jul  8 14:12:36 UTC 2026-2
Wed Jul  8 14:12:36 UTC 2026-3
Wed Jul  8 14:12:36 UTC 2026-4
Wed Jul  8 14:12:37 UTC 2026-5
Thu Jul  9 15:13:03 UTC 2026-1
Thu Jul  9 15:13:03 UTC 2026-2
Thu Jul  9 15:13:03 UTC 2026-3
Thu Jul  9 15:13:03 UTC 2026-4
Fri Jul 10 14:29:32 UTC 2026-1
Fri Jul 10 14:29:32 UTC 2026-2
Fri Jul 10 14:29:32 UTC 2026-3
Fri Jul 10 14:29:32 UTC 2026-4
Sat Jul 11 13:22:14 UTC 2026-1
Sat Jul 11 13:22:14 UTC 2026-2
Sat Jul 11 13:22:14 UTC 2026-3
Sun Jul 12 13:22:39 UTC 2026-1
Sun Jul 12 13:22:39 UTC 2026-2
Sun Jul 12 13:22:39 UTC 2026-3
Mon Jul 13 14:37:05 UTC 2026-1
Mon Jul 13 14:37:05 UTC 2026-2
Mon Jul 13 14:37:05 UTC 2026-3
Mon Jul 13 14:37:05 UTC 2026-4
Tue Jul 14 13:46:47 UTC 2026-1
Tue Jul 14 13:46:47 UTC 2026-2
Tue Jul 14 13:46:47 UTC 2026-3
Tue Jul 14 13:46:47 UTC 2026-4
Wed Jul 15 13:45:58 UTC 2026-1
Wed Jul 15 13:45:58 UTC 2026-2
Wed Jul 15 13:45:58 UTC 2026-3
Wed Jul 15 13:45:58 UTC 2026-4
Wed Jul 15 13:45:58 UTC 2026-5
Thu Jul 16 13:54:40 UTC 2026-1
Thu Jul 16 13:54:40 UTC 2026-2
Fri Jul 17 13:40:28 UTC 2026-1
Fri Jul 17 13:40:28 UTC 2026-2
Fri Jul 17 13:40:28 UTC 2026-3
Sat Jul 18 13:17:50 UTC 2026-1
Sat Jul 18 13:17:50 UTC 2026-2
Sat Jul 18 13:17:50 UTC 2026-3
Sat Jul 18 13:17:50 UTC 2026-4
Sun Jul 19 13:20:01 UTC 2026-1
Sun Jul 19 13:20:01 UTC 2026-2
Sun Jul 19 13:20:01 UTC 2026-3
Sun Jul 19 13:20:01 UTC 2026-4
Sun Jul 19 13:20:01 UTC 2026-5
Mon Jul 20 14:08:33 UTC 2026-1
Mon Jul 20 14:08:33 UTC 2026-2
Tue Jul 21 13:53:39 UTC 2026-1
Tue Jul 21 13:53:39 UTC 2026-2
Tue Jul 21 13:53:39 UTC 2026-3
Wed Jul 22 13:58:15 UTC 2026-1
Thu Jul 23 14:03:32 UTC 2026-1
Thu Jul 23 14:03:32 UTC 2026-2
Thu Jul 23 14:03:32 UTC 2026-3
Thu Jul 23 14:03:32 UTC 2026-4
Fri Jul 24 13:47:24 UTC 2026-1
Fri Jul 24 13:47:24 UTC 2026-2
Fri Jul 24 13:47:24 UTC 2026-3
Fri Jul 24 13:47:24 UTC 2026-4
Sat Jul 25 13:36:35 UTC 2026-1
Sat Jul 25 13:36:35 UTC 2026-2
Sat Jul 25 13:36:35 UTC 2026-3
Sat Jul 25 13:36:35 UTC 2026-4
Sun Jul 26 13:24:46 UTC 2026-1
Sun Jul 26 13:24:46 UTC 2026-2
Mon Jul 27 14:37:33 UTC 2026-1
Mon Jul 27 14:37:33 UTC 2026-2
Mon Jul 27 14:37:33 UTC 2026-3
Mon Jul 27 14:37:33 UTC 2026-4
Tue Jul 28 14:09:27 UTC 2026-1
Tue Jul 28 14:09:27 UTC 2026-2
Tue Jul 28 14:09:27 UTC 2026-3
Wed Jul 29 14:12:00 UTC 2026-1
Wed Jul 29 14:12:00 UTC 2026-2
Thu Jul 30 14:05:09 UTC 2026-1
Thu Jul 30 14:05:09 UTC 2026-2
Fri Jul 31 14:09:32 UTC 2026-1
Fri Jul 31 14:09:32 UTC 2026-2
Fri Jul 31 14:09:32 UTC 2026-3
Fri Jul 31 14:09:32 UTC 2026-4
Fri Jul 31 14:09:32 UTC 2026-5
Sat Aug  1 13:23:46 UTC 2026-1
Sun Aug  2 13:23:37 UTC 2026-1
Mon Aug  3 14:41:03 UTC 2026-1
Mon Aug  3 14:41:03 UTC 2026-2
Mon Aug  3 14:41:03 UTC 2026-3
Mon Aug  3 14:41:03 UTC 2026-4
Mon Aug  3 14:41:03 UTC 2026-5
Tue Aug  4 14:15:56 UTC 2026-1
Tue Aug  4 14:15:56 UTC 2026-2
Tue Aug  4 14:15:56 UTC 2026-3
Wed Aug  5 14:10:54 UTC 2026-1
Wed Aug  5 14:10:54 UTC 2026-2
Wed Aug  5 14:10:54 UTC 2026-3
Wed Aug  5 14:10:54 UTC 2026-4
Thu Aug  6 14:12:10 UTC 2026-1
Thu Aug  6 14:12:10 UTC 2026-2
Thu Aug  6 14:12:10 UTC 2026-3
Fri Aug  7 13:05:46 UTC 2026-1
Sat Aug  8 12:50:15 UTC 2026-1
Sat Aug  8 12:50:15 UTC 2026-2
Sun Aug  9 12:52:49 UTC 2026-1
Sun Aug  9 12:52:49 UTC 2026-2
Sun Aug  9 12:52:49 UTC 2026-3
Sun Aug  9 12:52:49 UTC 2026-4
Sun Aug  9 12:52:49 UTC 2026-5
Mon Aug 10 13:10:20 UTC 2026-1
Mon Aug 10 13:10:20 UTC 2026-2
Mon Aug 10 13:10:20 UTC 2026-3
Mon Aug 10 13:10:20 UTC 2026-4
Mon Aug 10 13:10:20 UTC 2026-5
Tue Aug 11 13:07:49 UTC 2026-1
Wed Aug 12 13:11:28 UTC 2026-1
Wed Aug 12 13:11:28 UTC 2026-2
Wed Aug 12 13:11:28 UTC 2026-3
Wed Aug 12 13:11:28 UTC 2026-4
Wed Aug 12 13:11:28 UTC 2026-5
Thu Aug 13 13:13:25 UTC 2026-1
Thu Aug 13 13:13:25 UTC 2026-2
Thu Aug 13 13:13:25 UTC 2026-3
Thu Aug 13 13:13:25 UTC 2026-4
Fri Aug 14 13:08:11 UTC 2026-1
Fri Aug 14 13:08:11 UTC 2026-2
Fri Aug 14 13:08:11 UTC 2026-3
Fri Aug 14 13:08:11 UTC 2026-4
Fri Aug 14 13:08:11 UTC 2026-5
Sat Aug 15 12:38:24 UTC 2026-1
Sat Aug 15 12:38:24 UTC 2026-2
Sat Aug 15 12:38:24 UTC 2026-3
Sat Aug 15 12:38:24 UTC 2026-4
Sat Aug 15 12:38:24 UTC 2026-5
Sun Aug 16 12:40:11 UTC 2026-1
Sun Aug 16 12:40:11 UTC 2026-2
Sun Aug 16 12:40:11 UTC 2026-3
Mon Aug 17 12:45:24 UTC 2026-1
Mon Aug 17 12:45:24 UTC 2026-2
Tue Aug 18 12:48:31 UTC 2026-1
Wed Aug 19 12:49:07 UTC 2026-1
Wed Aug 19 12:49:07 UTC 2026-2
Wed Aug 19 12:49:07 UTC 2026-3
Thu Aug 20 12:51:18 UTC 2026-1
Thu Aug 20 12:51:18 UTC 2026-2
Thu Aug 20 12:51:18 UTC 2026-3
Fri Aug 21 12:49:44 UTC 2026-1
Sat Aug 22 12:39:55 UTC 2026-1
Sat Aug 22 12:39:55 UTC 2026-2
Sun Aug 23 12:41:17 UTC 2026-1
Sun Aug 23 12:41:17 UTC 2026-2
Sun Aug 23 12:41:17 UTC 2026-3
Sun Aug 23 12:41:17 UTC 2026-4
Sun Aug 23 12:41:17 UTC 2026-5
Mon Aug 24 12:52:17 UTC 2026-1
Mon Aug 24 12:52:17 UTC 2026-2
Mon Aug 24 12:52:17 UTC 2026-3
Mon Aug 24 12:52:17 UTC 2026-4
Tue Aug 25 12:49:11 UTC 2026-1
Tue Aug 25 12:49:11 UTC 2026-2
Wed Aug 26 12:53:30 UTC 2026-1
Thu Aug 27 21:54:27 UTC 2026-1
Thu Aug 27 21:54:27 UTC 2026-2
Fri Aug 28 21:46:56 UTC 2026-1
Fri Aug 28 21:46:56 UTC 2026-2
Fri Aug 28 21:46:56 UTC 2026-3
Fri Aug 28 21:46:56 UTC 2026-4
Fri Aug 28 21:46:56 UTC 2026-5
Sat Aug 29 16:20:28 UTC 2026-1
Sat Aug 29 16:20:28 UTC 2026-2
Sun Aug 30 16:13:40 UTC 2026-1
Sun Aug 30 16:13:40 UTC 2026-2
Sun Aug 30 16:13:40 UTC 2026-3
Sun Aug 30 16:13:40 UTC 2026-4
Mon Aug 31 18:53:42 UTC 2026-1
Mon Aug 31 18:53:42 UTC 2026-2
Mon Aug 31 18:53:42 UTC 2026-3
Mon Aug 31 18:53:42 UTC 2026-4
Tue Sep  1 16:12:30 UTC 2026-1
Tue Sep  1 16:12:30 UTC 2026-2
Tue Sep  1 16:12:30 UTC 2026-3
Tue Sep  1 16:12:30 UTC 2026-4
Tue Sep  1 16:12:30 UTC 2026-5
Wed Sep  2 16:07:57 UTC 2026-1
Wed Sep  2 16:07:57 UTC 2026-2
Wed Sep  2 16:07:57 UTC 2026-3
Wed Sep  2 16:07:57 UTC 2026-4
Wed Sep  2 16:07:57 UTC 2026-5
Thu Sep  3 15:57:26 UTC 2026-1
Thu Sep  3 15:57:26 UTC 2026-2
Fri Sep  4 15:54:45 UTC 2026-1
Sat Sep  5 14:45:13 UTC 2026-1
Sat Sep  5 14:45:13 UTC 2026-2
Sat Sep  5 14:45:13 UTC 2026-3
Sat Sep  5 14:45:13 UTC 2026-4
Sun Sep  6 15:04:42 UTC 2026-1
Sun Sep  6 15:04:42 UTC 2026-2
Mon Sep  7 17:26:12 UTC 2026-1
Mon Sep  7 17:26:12 UTC 2026-2
Mon Sep  7 17:26:12 UTC 2026-3
Tue Sep  8 16:11:02 UTC 2026-1
Tue Sep  8 16:11:02 UTC 2026-2
Wed Sep  9 16:04:53 UTC 2026-1
Wed Sep  9 16:04:53 UTC 2026-2
Wed Sep  9 16:04:53 UTC 2026-3
Wed Sep  9 16:04:53 UTC 2026-4
Thu Sep 10 15:58:26 UTC 2026-1
Fri Sep 11 16:01:49 UTC 2026-1
Sat Sep 12 15:09:58 UTC 2026-1
Sun Sep 13 15:45:38 UTC 2026-1
Sun Sep 13 15:45:38 UTC 2026-2
Sun Sep 13 15:45:38 UTC 2026-3
Sun Sep 13 15:45:38 UTC 2026-4
Sun Sep 13 15:45:38 UTC 2026-5
Mon Sep 14 17:51:35 UTC 2026-1
Mon Sep 14 17:51:35 UTC 2026-2
Mon Sep 14 17:51:35 UTC 2026-3
Mon Sep 14 17:51:35 UTC 2026-4
Mon Sep 14 17:51:35 UTC 2026-5
Tue Sep 15 16:28:12 UTC 2026-1
Tue Sep 15 16:28:12 UTC 2026-2
Tue Sep 15 16:28:12 UTC 2026-3
Tue Sep 15 16:28:12 UTC 2026-4
Wed Sep 16 16:19:32 UTC 2026-1
Wed Sep 16 16:19:32 UTC 2026-2
Wed Sep 16 16:19:32 UTC 2026-3
Wed Sep 16 16:19:32 UTC 2026-4
Thu Sep 17 16:26:50 UTC 2026-1
Thu Sep 17 16:26:50 UTC 2026-2
Thu Sep 17 16:26:50 UTC 2026-3
Thu Sep 17 16:26:50 UTC 2026-4
Thu Sep 17 16:26:50 UTC 2026-5
Fri Sep 18 15:59:02 UTC 2026-1
Fri Sep 18 15:59:02 UTC 2026-2
